--- DOCKER VERSION ---
Client: Docker Engine - Community
 Version:           29.1.1
 API version:       1.52
 Go version:        go1.25.4
 Git commit:        0aedba5
 Built:             Fri Nov 28 11:36:27 2025
 OS/Arch:           linux/amd64
 Context:           default

Server: Docker Engine - Community
 Engine:
  Version:          29.1.1
  API version:      1.52 (minimum version 1.44)
  Go version:       go1.25.4
  Git commit:       9a84135
  Built:            Fri Nov 28 11:33:12 2025
  OS/Arch:          linux/amd64
  Experimental:     false
 containerd:
  Version:          v2.2.0
  GitCommit:        1c4457e00facac03ce1d75f7b6777a7a851e5c41
 runc:
  Version:          1.3.4
  GitCommit:        v1.3.4-0-gd6d73eb8
 docker-init:
  Version:          0.19.0
  GitCommit:        de40ad0
--- HUB DIR ---
.
..
agent_help.txt
check-env.sh
curl_zen.txt
current_board.txt
debug_card.json
diag_docker_output.out
diag_docker_output_v8.out
diag_docker.sh
diag_output.out
diag.sh
diag_v8_check.out
diag_ver_output.out
diag_ver.sh
docker-compose.gpu.yml
docker-compose.yml
.env
.env.example
gateway.log
generate-config.sh
getme.json
.git
.gitignore
GUIDE.md
Makefile
mission_control.py
mission_final_output.txt
mission_logs.out
mission_logs_v2.out
mission_logs_v3.out
mission_logs_v4.out
mission_logs_v5.out
mission_logs_v6.out
mission_logs_v7.out
mission_logs_v8.out
move_back_to_todo.py
openclaw_cron_help.txt
openclaw-docker
openclaw_help.txt
out.json
pull-models.sh
__pycache__
README.md
run_mission_control.sh
tel_test.json
test_columns_output.txt
test_columns.py
test_fetch.py
test-hub.sh
v8_check.txt
