nohup: ignoring input
=====================================================
 🛸 Mission Control Autonomous Loop Activated
 Polling GitHub Project board every 300 seconds...
=====================================================
[Tue Mar 31 06:37:16 AM EDT 2026] 🛰️ Checking board...
==============================================
🚀 Mission Control active.
🔁 Entering continuous Kanban polling loop...
==============================================
🔓 Locks/sessions cleared for [all]
🔓 Locks/sessions cleared for [all]
🔓 Locks/sessions cleared for [all]
🔓 Locks/sessions cleared for [all]
🔓 Locks/sessions cleared for [all]
🔓 Locks/sessions cleared for [all]
🔓 Locks/sessions cleared for [all]
🔓 Locks/sessions cleared for [all]
🔓 Locks/sessions cleared for [all]
🔓 Locks/sessions cleared for [all]
🔓 Locks/sessions cleared for [all]
🔓 Locks/sessions cleared for [all]
Terminated                 python3 -u "$DIR/mission_control.py"
[Tue Mar 31 06:40:10 AM EDT 2026] 💤 Sleeping for 300 seconds...
[Tue Mar 31 06:45:10 AM EDT 2026] 🛰️ Checking board...
==============================================
🚀 Mission Control active.
🔁 Entering continuous Kanban polling loop...
==============================================
🔓 Locks/sessions cleared for [all]
🔓 Locks/sessions cleared for [all]
🔓 Locks/sessions cleared for [all]
🔓 Locks/sessions cleared for [all]
🔓 Locks/sessions cleared for [all]
🔓 Locks/sessions cleared for [all]
🔓 Locks/sessions cleared for [all]
🔓 Locks/sessions cleared for [all]
🔓 Locks/sessions cleared for [all]
🔓 Locks/sessions cleared for [all]
🔓 Locks/sessions cleared for [all]
🔓 Locks/sessions cleared for [all]
🔓 Locks/sessions cleared for [all]
🔓 Locks/sessions cleared for [all]
🔓 Locks/sessions cleared for [all]
🔓 Locks/sessions cleared for [all]
Terminated                 python3 -u "$DIR/mission_control.py"
[Tue Mar 31 06:49:20 AM EDT 2026] 💤 Sleeping for 300 seconds...
