=====================================================
 🛸 Mission Control Autonomous Loop Activated
 Polling GitHub Project board every 300 seconds...
=====================================================
[Thu Apr  2 07:27:31 PM EDT 2026] 🛰️ Checking board...
==============================================
🚀 Mission Control active.
🔁 Entering continuous Kanban polling loop...
==============================================
🔓 Locks/sessions cleared for [all]
🔓 Locks/sessions cleared for [all]
🔓 Locks/sessions cleared for [all]

=> Found 1 task(s) in 'To Do'.

🚀 Processing Task: [BACKEND] Write RSpec Test Suite for Subsidiary
Moving card '[BACKEND] Write RSpec Test Suite for Subsidiary' to 'In Progress'...
Checking out clean working branch 'agent-21'...
Auto-routing to BACKEND based on title tag.
Claiming task with BACKEND agent...
Syncing code files into container workspace /root/.openclaw/workspaces/backend...
Clearing stale session locks for [backend]...
⚠️  Lock clear warning: Error response from daemon: Container d97f5288201c64a97369a9c9409221fd5baf54c27a15587d2d0b530719909cc4 is restarting, wait until the container is running

Triggering [BACKEND] with I/O Heartbeat (Max Timeout: 3600s)...
⏳ [BACKEND] Silent for 0s... (Threshold: 10800s)
Error triggering backend (Code 1): Error response from daemon: Container d97f5288201c64a97369a9c9409221fd5baf54c27a15587d2d0b530719909cc4 is restarting, wait until the container is running

⚠️ RETRY TRIGGERED: BACKEND DEV FAILURE: Agent returned None (process error).
Reverting Git workspace due to retry...
Moving card '[BACKEND] Write RSpec Test Suite for Subsidiary' to 'To Do'...
⚠️  Lock clear warning: Error response from daemon: Container d97f5288201c64a97369a9c9409221fd5baf54c27a15587d2d0b530719909cc4 is restarting, wait until the container is running


=> Found 1 task(s) in 'To Do'.

🚀 Processing Task: [BACKEND] Write RSpec Test Suite for Subsidiary
Moving card '[BACKEND] Write RSpec Test Suite for Subsidiary' to 'In Progress'...
Checking out clean working branch 'agent-21'...
Auto-routing to BACKEND based on title tag.
Claiming task with BACKEND agent...
Syncing code files into container workspace /root/.openclaw/workspaces/backend...
Clearing stale session locks for [backend]...
⚠️  Lock clear warning: Error response from daemon: Container d97f5288201c64a97369a9c9409221fd5baf54c27a15587d2d0b530719909cc4 is restarting, wait until the container is running

Triggering [BACKEND] with I/O Heartbeat (Max Timeout: 3600s)...
⏳ [BACKEND] Silent for 0s... (Threshold: 10800s)
Error triggering backend (Code 1): Error response from daemon: Container d97f5288201c64a97369a9c9409221fd5baf54c27a15587d2d0b530719909cc4 is restarting, wait until the container is running

⚠️ RETRY TRIGGERED: BACKEND DEV FAILURE: Agent returned None (process error).
Reverting Git workspace due to retry...
Moving card '[BACKEND] Write RSpec Test Suite for Subsidiary' to 'To Do'...
⚠️  Lock clear warning: Error response from daemon: Container d97f5288201c64a97369a9c9409221fd5baf54c27a15587d2d0b530719909cc4 is restarting, wait until the container is running


=> Found 1 task(s) in 'To Do'.

🚀 Processing Task: [BACKEND] Write RSpec Test Suite for Subsidiary
Moving card '[BACKEND] Write RSpec Test Suite for Subsidiary' to 'In Progress'...
Checking out clean working branch 'agent-21'...
Auto-routing to BACKEND based on title tag.
Claiming task with BACKEND agent...
Syncing code files into container workspace /root/.openclaw/workspaces/backend...
Clearing stale session locks for [backend]...
⚠️  Lock clear warning: Error response from daemon: Container d97f5288201c64a97369a9c9409221fd5baf54c27a15587d2d0b530719909cc4 is restarting, wait until the container is running

Triggering [BACKEND] with I/O Heartbeat (Max Timeout: 3600s)...
⏳ [BACKEND] Silent for 0s... (Threshold: 10800s)
Error triggering backend (Code 1): Error response from daemon: Container d97f5288201c64a97369a9c9409221fd5baf54c27a15587d2d0b530719909cc4 is restarting, wait until the container is running

⚠️ RETRY TRIGGERED: BACKEND DEV FAILURE: Agent returned None (process error).
Reverting Git workspace due to retry...
Moving card '[BACKEND] Write RSpec Test Suite for Subsidiary' to 'To Do'...
🔓 Locks/sessions cleared for [all]

=> Found 1 task(s) in 'To Do'.

🚀 Processing Task: [BACKEND] Write RSpec Test Suite for Subsidiary
Moving card '[BACKEND] Write RSpec Test Suite for Subsidiary' to 'In Progress'...
Checking out clean working branch 'agent-21'...
Auto-routing to BACKEND based on title tag.
Claiming task with BACKEND agent...
Syncing code files into container workspace /root/.openclaw/workspaces/backend...
Clearing stale session locks for [backend]...
🔓 Locks/sessions cleared for [backend]
Triggering [BACKEND] with I/O Heartbeat (Max Timeout: 3600s)...
⏳ [BACKEND] Silent for 0s... (Threshold: 10800s)
RAW AGENT OUTPUT: 
Dev Agent Response: 
❌ DEV REJECTION: 
⚠️ [RESILIENCE] Skipping Git workspace reset due to Dev failure (preserving partial work).
Moving card '[BACKEND] Write RSpec Test Suite for Subsidiary' to 'To Do'...
⚠️  Lock clear warning: Error response from daemon: Container d97f5288201c64a97369a9c9409221fd5baf54c27a15587d2d0b530719909cc4 is restarting, wait until the container is running


=> Found 1 task(s) in 'To Do'.

🚀 Processing Task: [BACKEND] Write RSpec Test Suite for Subsidiary
Moving card '[BACKEND] Write RSpec Test Suite for Subsidiary' to 'In Progress'...
Checking out clean working branch 'agent-21'...
Auto-routing to BACKEND based on title tag.
Claiming task with BACKEND agent...
Syncing code files into container workspace /root/.openclaw/workspaces/backend...
Clearing stale session locks for [backend]...
⚠️  Lock clear warning: Error response from daemon: Container d97f5288201c64a97369a9c9409221fd5baf54c27a15587d2d0b530719909cc4 is restarting, wait until the container is running

Triggering [BACKEND] with I/O Heartbeat (Max Timeout: 3600s)...
Terminated                 python3 -u "$DIR/mission_control.py"
[Thu Apr  2 07:33:32 PM EDT 2026] 💤 Sleeping for 300 seconds...
