==============================================
🛸 Mission Control Script Core Initialized (v36)
==============================================
==============================================
🚀 Mission Control active.
🔁 Entering continuous Kanban polling loop...
==============================================
⚠️  Lock clear warning: Error response from daemon: Container 14bf255539fa73b8ba19faae557cda8dc2718c75e8deec8ddb65943b73fad4ee is restarting, wait until the container is running

⚠️  Lock clear warning: Error response from daemon: Container 14bf255539fa73b8ba19faae557cda8dc2718c75e8deec8ddb65943b73fad4ee is restarting, wait until the container is running

⚠️  Lock clear warning: Error response from daemon: Container 14bf255539fa73b8ba19faae557cda8dc2718c75e8deec8ddb65943b73fad4ee is restarting, wait until the container is running

⚠️  Lock clear warning: Error response from daemon: Container 14bf255539fa73b8ba19faae557cda8dc2718c75e8deec8ddb65943b73fad4ee is restarting, wait until the container is running

⚠️  Lock clear warning: Error response from daemon: Container 14bf255539fa73b8ba19faae557cda8dc2718c75e8deec8ddb65943b73fad4ee is restarting, wait until the container is running

⚠️  Lock clear warning: Error response from daemon: Container 14bf255539fa73b8ba19faae557cda8dc2718c75e8deec8ddb65943b73fad4ee is restarting, wait until the container is running

⚠️  Lock clear warning: Error response from daemon: Container 14bf255539fa73b8ba19faae557cda8dc2718c75e8deec8ddb65943b73fad4ee is restarting, wait until the container is running

⚠️  Lock clear warning: Error response from daemon: Container 14bf255539fa73b8ba19faae557cda8dc2718c75e8deec8ddb65943b73fad4ee is restarting, wait until the container is running

⚠️  Lock clear warning: Error response from daemon: Container 14bf255539fa73b8ba19faae557cda8dc2718c75e8deec8ddb65943b73fad4ee is restarting, wait until the container is running

⚠️  Lock clear warning: Error response from daemon: Container 14bf255539fa73b8ba19faae557cda8dc2718c75e8deec8ddb65943b73fad4ee is restarting, wait until the container is running

⚠️  Lock clear warning: Error response from daemon: Container 14bf255539fa73b8ba19faae557cda8dc2718c75e8deec8ddb65943b73fad4ee is restarting, wait until the container is running

⚠️  Lock clear warning: Error response from daemon: Container 14bf255539fa73b8ba19faae557cda8dc2718c75e8deec8ddb65943b73fad4ee is restarting, wait until the container is running

🔓 Locks/sessions cleared for [all]
⚠️  Lock clear warning: Error response from daemon: Container 14bf255539fa73b8ba19faae557cda8dc2718c75e8deec8ddb65943b73fad4ee is restarting, wait until the container is running

⚠️  Lock clear warning: Error response from daemon: Container 14bf255539fa73b8ba19faae557cda8dc2718c75e8deec8ddb65943b73fad4ee is restarting, wait until the container is running

⚠️  Lock clear warning: Error response from daemon: Container 14bf255539fa73b8ba19faae557cda8dc2718c75e8deec8ddb65943b73fad4ee is restarting, wait until the container is running

🔓 Locks/sessions cleared for [all]
⚠️  Lock clear warning: Error response from daemon: Container 14bf255539fa73b8ba19faae557cda8dc2718c75e8deec8ddb65943b73fad4ee is restarting, wait until the container is running

⚠️  Lock clear warning: Error response from daemon: Container 14bf255539fa73b8ba19faae557cda8dc2718c75e8deec8ddb65943b73fad4ee is restarting, wait until the container is running

⚠️  Lock clear warning: Error response from daemon: Container 14bf255539fa73b8ba19faae557cda8dc2718c75e8deec8ddb65943b73fad4ee is restarting, wait until the container is running

