==============================================
🛸 Mission Control Script Core Initialized (v36)
==============================================
==============================================
🚀 Mission Control active.
🔁 Entering continuous Kanban polling loop...
==============================================
🔓 Locks/sessions cleared for [all]

=> Found 1 task(s) in 'To Do'.

🚀 Processing Task: [BACKEND] Write RSpec Test Suite for Subsidiary
Moving card '[BACKEND] Write RSpec Test Suite for Subsidiary' to 'In Progress'...
Checking out clean working branch 'agent-21'...
Auto-routing to BACKEND based on title tag.
Claiming task with BACKEND agent...
Syncing code files into container workspace /root/.openclaw/workspaces/backend...
Clearing stale session locks for [backend]...
🔓 Locks/sessions cleared for [backend]
Triggering [BACKEND] via CLI (Timeout: 3600s)...
💓 [BACKEND] Heartbeat: Active progress detected (0s elapsed)
💓 [BACKEND] Heartbeat: Active progress detected (60s elapsed)
⚠️  [BACKEND] CLI TIMEOUT DETECTED at 80s.
   Wait... I see the Agent is still working on the Gateway (Heartbeat logic active).
   Switching to SILENT MONITOR MODE - Waiting for logs to go quiet.
🛸 [BACKEND] Silent Monitor Active. Waiting for activity to cease...
✅ [BACKEND] Activity ceased for 3m. Assuming Agent has completed turn.
Dev Agent Response: Silent Completion
Syncing modifications back from container to host...
✅ BACKEND turn complete.
📄 Report saved persistently on host at: /home/nicolasmd/Development/agents-developmet/ordenapp_web/agent-report/2026-04-03/agent_report.md
✅ Code touch detected. Moving to QA verification workflow.
Moving card '[BACKEND] Write RSpec Test Suite for Subsidiary' to 'In Review QA'...
Clearing stale session locks for [qa]...
🔓 Locks/sessions cleared for [qa]
Triggering [QA] via CLI (Timeout: 3600s)...
💓 [QA] Heartbeat: Active progress detected (0s elapsed)
💓 [QA] Heartbeat: Active progress detected (20s elapsed)
💓 [QA] Heartbeat: Active progress detected (80s elapsed)
⚠️  [QA] CLI TIMEOUT DETECTED at 100s.
   Wait... I see the Agent is still working on the Gateway (Heartbeat logic active).
   Switching to SILENT MONITOR MODE - Waiting for logs to go quiet.
🛸 [QA] Silent Monitor Active. Waiting for activity to cease...
✅ [QA] Activity ceased for 3m. Assuming Agent has completed turn.
QA Response: Silent Completion
❌ QA REJECTION: Silent Completion
⚠️ [RESILIENCE] Skipping Git workspace reset due to QA rejection (preserving partial work).
Moving card '[BACKEND] Write RSpec Test Suite for Subsidiary' to 'To Do'...
🔓 Locks/sessions cleared for [all]

=> Found 1 task(s) in 'To Do'.

🚀 Processing Task: [BACKEND] Write RSpec Test Suite for Subsidiary
Moving card '[BACKEND] Write RSpec Test Suite for Subsidiary' to 'In Progress'...
Checking out clean working branch 'agent-21'...
Auto-routing to BACKEND based on title tag.
Claiming task with BACKEND agent...
Syncing code files into container workspace /root/.openclaw/workspaces/backend...
Clearing stale session locks for [backend]...
🔓 Locks/sessions cleared for [backend]
Triggering [BACKEND] via CLI (Timeout: 3600s)...
💓 [BACKEND] Heartbeat: Active progress detected (0s elapsed)
💓 [BACKEND] Heartbeat: Active progress detected (60s elapsed)
⚠️  [BACKEND] CLI TIMEOUT DETECTED at 80s.
   Wait... I see the Agent is still working on the Gateway (Heartbeat logic active).
   Switching to SILENT MONITOR MODE - Waiting for logs to go quiet.
🛸 [BACKEND] Silent Monitor Active. Waiting for activity to cease...
✅ [BACKEND] Activity ceased for 3m. Assuming Agent has completed turn.
Dev Agent Response: Silent Completion
Syncing modifications back from container to host...
✅ BACKEND turn complete.
📄 Report saved persistently on host at: /home/nicolasmd/Development/agents-developmet/ordenapp_web/agent-report/2026-04-03/agent_report.md
✅ Code touch detected. Moving to QA verification workflow.
Moving card '[BACKEND] Write RSpec Test Suite for Subsidiary' to 'In Review QA'...
Clearing stale session locks for [qa]...
🔓 Locks/sessions cleared for [qa]
Triggering [QA] via CLI (Timeout: 3600s)...
💓 [QA] Heartbeat: Active progress detected (0s elapsed)
💓 [QA] Heartbeat: Active progress detected (60s elapsed)
⚠️  [QA] CLI TIMEOUT DETECTED at 80s.
   Wait... I see the Agent is still working on the Gateway (Heartbeat logic active).
   Switching to SILENT MONITOR MODE - Waiting for logs to go quiet.
🛸 [QA] Silent Monitor Active. Waiting for activity to cease...
✅ [QA] Activity ceased for 3m. Assuming Agent has completed turn.
QA Response: Silent Completion
❌ QA REJECTION: Silent Completion
⚠️ [RESILIENCE] Skipping Git workspace reset due to QA rejection (preserving partial work).
Moving card '[BACKEND] Write RSpec Test Suite for Subsidiary' to 'To Do'...
⚠️  Lock clear warning: Error response from daemon: No such container: openclaw-gateway

⚠️  Lock clear warning: Error response from daemon: No such container: openclaw-gateway

⚠️  Lock clear warning: Error response from daemon: No such container: openclaw-gateway

🔓 Locks/sessions cleared for [all]
🔓 Locks/sessions cleared for [all]
⚠️  Lock clear warning: Error response from daemon: Container 2f3b57b9e7c9ecc94cb357c3ca3407d8f378af5b999284e5f7d31c0604277d69 is restarting, wait until the container is running

⚠️  Lock clear warning: Error response from daemon: Container 2f3b57b9e7c9ecc94cb357c3ca3407d8f378af5b999284e5f7d31c0604277d69 is restarting, wait until the container is running

⚠️  Lock clear warning: Error response from daemon: Container 2f3b57b9e7c9ecc94cb357c3ca3407d8f378af5b999284e5f7d31c0604277d69 is restarting, wait until the container is running

