==============================================
🛸 Mission Control Script Core Initialized (v36)
==============================================
==============================================
🚀 Mission Control active.
🔁 Entering continuous Kanban polling loop...
==============================================
🔓 Locks/sessions cleared for [all]
🔓 Locks/sessions cleared for [all]
🔓 Locks/sessions cleared for [all]
🔓 Locks/sessions cleared for [all]
🔓 Locks/sessions cleared for [all]
🔓 Locks/sessions cleared for [all]
🔓 Locks/sessions cleared for [all]
🔓 Locks/sessions cleared for [all]
🔓 Locks/sessions cleared for [all]
🔓 Locks/sessions cleared for [all]
🔓 Locks/sessions cleared for [all]
🔓 Locks/sessions cleared for [all]
🔓 Locks/sessions cleared for [all]
🔓 Locks/sessions cleared for [all]
🔓 Locks/sessions cleared for [all]
⚠️  Lock clear warning: Error response from daemon: container 303aa5c2a80484949d36207caa5b17bd100e017751858632332791541ae6274e is not running

⚠️  Lock clear warning: Error response from daemon: container 303aa5c2a80484949d36207caa5b17bd100e017751858632332791541ae6274e is not running

⚠️  Lock clear warning: Error response from daemon: container 303aa5c2a80484949d36207caa5b17bd100e017751858632332791541ae6274e is not running

⚠️  Lock clear warning: Error response from daemon: container 303aa5c2a80484949d36207caa5b17bd100e017751858632332791541ae6274e is not running

⚠️  Lock clear warning: Error response from daemon: container 303aa5c2a80484949d36207caa5b17bd100e017751858632332791541ae6274e is not running

⚠️  Lock clear warning: Error response from daemon: container 303aa5c2a80484949d36207caa5b17bd100e017751858632332791541ae6274e is not running

⚠️  Lock clear warning: Error response from daemon: container 303aa5c2a80484949d36207caa5b17bd100e017751858632332791541ae6274e is not running

⚠️  Lock clear warning: Error response from daemon: container 303aa5c2a80484949d36207caa5b17bd100e017751858632332791541ae6274e is not running

⚠️  Lock clear warning: Error response from daemon: container 303aa5c2a80484949d36207caa5b17bd100e017751858632332791541ae6274e is not running

⚠️  Lock clear warning: Error response from daemon: container 303aa5c2a80484949d36207caa5b17bd100e017751858632332791541ae6274e is not running

🔓 Locks/sessions cleared for [all]
🔓 Locks/sessions cleared for [all]
🔓 Locks/sessions cleared for [all]
⚠️  Lock clear warning: Error response from daemon: Container a37ca0a8efb6716c23bb49e2e93061c17af826cf839089a5f910c988c31fb76b is restarting, wait until the container is running

