nohup: ignoring input
=====================================================
 🛸 Mission Control Autonomous Loop Activated
 Polling GitHub Project board every 300 seconds...
=====================================================
[Sat Apr  4 09:18:32 AM EDT 2026] 🛰️ Checking board...
==============================================
🛸 Mission Control Script Core Initialized (v42)
==============================================
==============================================
🚀 Mission Control active.
🔁 Entering continuous Kanban polling loop...
==============================================
🔓 Locks/sessions cleared for [all]
Project #2 not found for user nicolasmd1985
🔓 Locks/sessions cleared for [all]
Project #2 not found for user nicolasmd1985
🔓 Locks/sessions cleared for [all]
Project #2 not found for user nicolasmd1985
🔓 Locks/sessions cleared for [all]
Project #2 not found for user nicolasmd1985
🔓 Locks/sessions cleared for [all]
Project #2 not found for user nicolasmd1985
🔓 Locks/sessions cleared for [all]
Project #2 not found for user nicolasmd1985
🔓 Locks/sessions cleared for [all]
Project #2 not found for user nicolasmd1985
🔓 Locks/sessions cleared for [all]
Project #2 not found for user nicolasmd1985
🔓 Locks/sessions cleared for [all]
Project #2 not found for user nicolasmd1985
🔓 Locks/sessions cleared for [all]
Project #2 not found for user nicolasmd1985
Terminated                 python3 -u "$DIR/mission_control.py"
[Sat Apr  4 09:21:02 AM EDT 2026] 💤 Sleeping for 300 seconds...
