nohup: ignoring input
=====================================================
 🛸 Mission Control Autonomous Loop Activated
 Polling GitHub Project board every 300 seconds...
=====================================================
[Tue Mar 31 06:40:10 AM EDT 2026] 🛰️ Checking board...
==============================================
🚀 Mission Control active.
🔁 Entering continuous Kanban polling loop...
==============================================
🔓 Locks/sessions cleared for [all]

=> Found 1 task(s) in 'To Do'.

🚀 Processing Task: [BACKEND] Write RSpec Test Suite for Subsidiary
Moving card '[BACKEND] Write RSpec Test Suite for Subsidiary' to 'In Progress'...
Checking out clean working branch 'agent-19'...
Auto-routing to BACKEND based on title tag.
Claiming task with BACKEND agent...
Syncing code files into container workspace /root/.openclaw/workspaces/backend...
Clearing stale session locks for [backend]...
🔓 Locks/sessions cleared for [backend]
Triggering [BACKEND] with I/O Heartbeat (Max Timeout: 3600s)...
💓 [BACKEND] Heartbeat: Active progress detected (0s elapsed)
⏳ [BACKEND] Silent for 60s... (Threshold: 900s)
⏳ [BACKEND] Silent for 120s... (Threshold: 900s)
⏳ [BACKEND] Silent for 180s... (Threshold: 900s)
⏳ [BACKEND] Silent for 240s... (Threshold: 900s)
⏳ [BACKEND] Silent for 300s... (Threshold: 900s)
💓 [BACKEND] Heartbeat: Active progress detected (360s elapsed)
💓 [BACKEND] Heartbeat: Active progress detected (420s elapsed)
⏳ [BACKEND] Silent for 60s... (Threshold: 900s)
Terminated                 python3 -u "$DIR/mission_control.py"
[Tue Mar 31 06:49:20 AM EDT 2026] 💤 Sleeping for 300 seconds...
